[debug] [2026-09-01T15:16:46.411Z] ----------------------------------------------------------------------
[debug] [2026-09-01T15:16:46.422Z] Command:       C:\Program Files\nodejs\node.exe C:\Users\alber\AppData\Roaming\npm\node_modules\firebase-tools\lib\bin\firebase.js deploy --only hosting
[debug] [2026-09-01T15:16:46.422Z] CLI Version:   15.28.2
[debug] [2026-09-01T15:16:46.422Z] Platform:      win32
[debug] [2026-09-01T15:16:46.422Z] Node Version:  v24.19.0
[debug] [2026-09-01T15:16:46.422Z] Detected Agent: unknown
[debug] [2026-09-01T15:16:46.422Z] Time:          Tue Sep 01 2026 20:46:46 GMT+0530 (India Standard Time)
[debug] [2026-09-01T15:16:46.422Z] ----------------------------------------------------------------------
[debug] 
[debug] [2026-09-01T15:16:47.931Z] > command requires scopes: ["email","openid","https://www.googleapis.com/auth/cloudplatformprojects.readonly","https://www.googleapis.com/auth/firebase","https://www.googleapis.com/auth/cloud-platform"]
[debug] [2026-09-01T15:16:47.931Z] > authorizing via signed-in user (albertsabu773@gmail.com)
[debug] [2026-09-01T15:16:47.931Z] [iam] checking project canaan-third-space for permissions ["firebase.projects.get","firebasehosting.sites.update"]
[debug] [2026-09-01T15:16:47.950Z] Checked if tokens are valid: true, expires at: 1788277955200
[debug] [2026-09-01T15:16:47.951Z] Checked if tokens are valid: true, expires at: 1788277955200
[debug] [2026-09-01T15:16:47.951Z] >>> [apiv2][query] POST https://cloudresourcemanager.googleapis.com/v1/projects/canaan-third-space:testIamPermissions [none]
[debug] [2026-09-01T15:16:47.952Z] >>> [apiv2][(partial)header] POST https://cloudresourcemanager.googleapis.com/v1/projects/canaan-third-space:testIamPermissions  x-goog-user-project=canaan-third-space
[debug] [2026-09-01T15:16:47.952Z] >>> [apiv2][body] POST https://cloudresourcemanager.googleapis.com/v1/projects/canaan-third-space:testIamPermissions {"permissions":["firebase.projects.get","firebasehosting.sites.update"]}
[debug] [2026-09-01T15:16:49.529Z] <<< [apiv2][status] POST https://cloudresourcemanager.googleapis.com/v1/projects/canaan-third-space:testIamPermissions 200
[debug] [2026-09-01T15:16:49.529Z] <<< [apiv2][body] POST https://cloudresourcemanager.googleapis.com/v1/projects/canaan-third-space:testIamPermissions {"permissions":["firebase.projects.get","firebasehosting.sites.update"]}
[debug] [2026-09-01T15:16:49.530Z] Checked if tokens are valid: true, expires at: 1788277955200
[debug] [2026-09-01T15:16:49.530Z] Checked if tokens are valid: true, expires at: 1788277955200
[debug] [2026-09-01T15:16:49.531Z] >>> [apiv2][query] GET https://firebase.googleapis.com/v1beta1/projects/canaan-third-space [none]
